// Jest Snapshot v1, https://goo.gl/fbAQLP

exports[`Pruebas sobre <TodoListItem/> Debe de mostar el componente Correctamente  1`] = `
<li
  className="list-group-item"
>
  <p
    className=" text-center"
    onClick={[Function]}
  >
    1
    .
    Aprender react
  </p>
  <button
    className="btn btn-danger"
    onClick={[Function]}
  >
    borrar
  </button>
</li>
`;
